// Jest Snapshot v1, https://goo.gl/fbAQLP

exports[`TransactionItem renders correctly 1`] = `
<View
  accessibilityValue={
    {
      "max": undefined,
      "min": undefined,
      "now": undefined,
      "text": undefined,
    }
  }
  accessible={true}
  focusable={true}
  onClick={[Function]}
  onResponderGrant={[Function]}
  onResponderMove={[Function]}
  onResponderRelease={[Function]}
  onResponderTerminate={[Function]}
  onResponderTerminationRequest={[Function]}
  onStartShouldSetResponder={[Function]}
  style={
    {
      "backgroundColor": "white",
      "borderRadius": 8,
      "margin": 5,
      "padding": 10,
    }
  }
  testID="transaction-item:pressable"
>
  <View>
    <View
      style={
        {
          "alignItems": "center",
          "flexDirection": "row",
        }
      }
    >
      <Text
        style={
          {
            "flex": 1,
            "fontSize": 16,
            "fontWeight": "bold",
          }
        }
      >
        Test Transaction
      </Text>
      <MaterialIcons
        data-icon="payment"
        size={16}
      />
      <MaterialIcons
        data-icon="payment"
        size={16}
      />
    </View>
    <View
      style={
        {
          "alignItems": "center",
          "flexDirection": "row",
        }
      }
    >
      <Text
        style={
          {
            "color": "green",
            "flex": 1,
          }
        }
      >
        +
        0,10 €
      </Text>
      <Text
        style={
          {
            "color": "gray",
            "fontSize": 12,
          }
        }
      >
        0,15 €
      </Text>
    </View>
    <Text
      style={
        {
          "color": "gray",
        }
      }
    >
      01-10-2023 14:00
    </Text>
  </View>
</View>
`;
